ERC report (2026-09-05T17:54:31, Encoding UTF8)
Report includes: Errors, Warnings

***** Sheet /
[lib_symbol_mismatch]: Symbol 'C_Small' doesn't match copy in library 'Device'
    ; warning
    @(200.66 mm, 48.26 mm): Symbol C3 [C_Small]
[lib_symbol_mismatch]: Symbol 'C_Small' doesn't match copy in library 'Device'
    ; warning
    @(228.60 mm, 76.20 mm): Symbol C13 [C_Small]
[lib_symbol_mismatch]: Symbol 'C_Small' doesn't match copy in library 'Device'
    ; warning
    @(322.58 mm, 266.70 mm): Symbol C28 [C_Small]
[lib_symbol_mismatch]: Symbol 'C_Small' doesn't match copy in library 'Device'
    ; warning
    @(340.36 mm, 106.68 mm): Symbol C21 [C_Small]
[lib_symbol_mismatch]: Symbol 'C_Small' doesn't match copy in library 'Device'
    ; warning
    @(340.36 mm, 266.70 mm): Symbol C26 [C_Small]
[lib_symbol_mismatch]: Symbol 'C_Small' doesn't match copy in library 'Device'
    ; warning
    @(358.14 mm, 106.68 mm): Symbol C22 [C_Small]
[lib_symbol_mismatch]: Symbol 'C_Small' doesn't match copy in library 'Device'
    ; warning
    @(374.65 mm, 106.68 mm): Symbol C23 [C_Small]
[lib_symbol_mismatch]: Symbol 'C_Small' doesn't match copy in library 'Device'
    ; warning
    @(392.43 mm, 106.68 mm): Symbol C24 [C_Small]
[lib_symbol_mismatch]: Symbol 'C_Small' doesn't match copy in library 'Device'
    ; warning
    @(408.94 mm, 106.68 mm): Symbol C25 [C_Small]
[lib_symbol_mismatch]: Symbol 'C_Small' doesn't match copy in library 'Device'
    ; warning
    @(424.18 mm, 266.70 mm): Symbol C27 [C_Small]

 ** ERC messages: 10  Errors 0  Warnings 10

 ** Ignored checks:
    - Global label only appears once in the schematic
    - Four connection points are joined together
    - SPICE model issue
    - Assigned footprint doesn't match footprint filters
